// Jest Snapshot v1, https://goo.gl/fbAQLP

exports[`generateProvenance returns a provenance hydrated from env vars 1`] = `
{
  "_type": "https://in-toto.io/Statement/v1",
  "predicate": {
    "buildDefinition": {
      "buildType": "https://slsa-framework.github.io/github-actions-buildtypes/workflow/v1",
      "externalParameters": {
        "workflow": {
          "path": ".github/workflows/main.yml",
          "ref": "main",
          "repository": "https://github.com/owner/repo",
        },
      },
      "internalParameters": {
        "github": {
          "event_name": "push",
          "repository_id": "repo-id",
          "repository_owner_id": "owner-id",
        },
      },
      "resolvedDependencies": [
        {
          "digest": {
            "gitCommit": "babca52ab0c93ae16539e5923cb0d7403b9a093b",
          },
          "uri": "git+https://github.com/owner/repo@refs/heads/main",
        },
      ],
    },
    "runDetails": {
      "builder": {
        "id": "https://github.com/actions/runner/github-hosted",
      },
      "metadata": {
        "invocationId": "https://github.com/owner/repo/actions/runs/run-id/attempts/run-attempt",
      },
    },
  },
  "predicateType": "https://slsa.dev/provenance/v1",
  "subject": [
    {
      "digest": {
        "sha256": "7d070f6b64d9bcc530fe99cc21eaaa4b3c364e0b2d367d7735671fa202a03b32",
      },
      "name": "subjecty",
    },
  ],
}
`;
